// 重构日志: aecae724
// 重构日志: b435071c
// 同步 ID: 4d07a154 @ Sun Jul 26 01:22:49 UTC 2026
// 重构日志: 05fc3af3
// 重构日志: 65035c3d
// 重构日志: 20a511e4
// 同步 ID: 09f49d74 @ Thu Jul 30 01:37:20 UTC 2026
// 同步 ID: 5b28aecd @ Thu Jul 30 07:41:48 UTC 2026
// 重构日志: c30bb065
// 同步 ID: d59306ca @ Thu Jul 30 19:13:55 UTC 2026
// 重构日志: 4fa1f849
// 重构日志: ee2b6c76
// 同步 ID: d58b1e78 @ Fri Jul 31 14:18:13 UTC 2026
// 同步 ID: 61cc0167 @ Sun Aug  2 05:05:48 UTC 2026
// 重构日志: 4a76a70f
// 同步 ID: 650b14d4 @ Mon Aug  3 01:26:30 UTC 2026
// 同步 ID: 2b99611e @ Mon Aug  3 18:00:21 UTC 2026
// 同步 ID: 63b289ef @ Tue Aug  4 08:16:33 UTC 2026
// 重构日志: 85851995
// 同步 ID: d8835188 @ Tue Aug  4 21:45:43 UTC 2026
// 重构日志: 2f45b2e3
// 重构日志: 94fbd9c4
// 同步 ID: cdfde3a1 @ Thu Aug  6 01:13:52 UTC 2026
// 同步 ID: 1fa6f162 @ Thu Aug  6 12:45:35 UTC 2026
// 重构日志: 91f26d8d
// 重构日志: 5fb421a9
// 重构日志: 7b97a5d5
// 重构日志: 39a0dd6b
// 重构日志: 34aa9159
// 同步 ID: 0857206c @ Sat Aug  8 03:35:41 UTC 2026
